  Input file(s): qmc_ref_excited_long.in.xml 

=====================================================
                    QMCPACK 3.9.9

       (c) Copyright 2003-  QMCPACK developers

                    Please cite:
 J. Kim et al. J. Phys. Cond. Mat. 30 195901 (2018)
      https://doi.org/10.1088/1361-648X/aab9c3

  Git branch: HEAD
  Last git commit: 042eaa09a78207a6620a38809ef1cb3116c6c676
  Last git commit date: Wed Oct 14 23:36:39 2020 -0500
  Last git commit subject: Merge branch develop into MSD-ExcitedStates
=====================================================
  Global options 

  Total number of MPI ranks = 8
  Number of MPI groups      = 1
  MPI group ID              = 0
  Number of ranks in group  = 8
  MPI ranks per node        = 1
  OMP 1st level threads     = 256
  OMP nested threading disabled or only 1 thread on the 2nd level

  Precision used in this calculation, see definitions in the manual:
  Base precision      = double
  Full precision      = double

  CPU only build
  Timer build option is enabled. Current timer level is coarse

  Input XML = qmc_ref_excited_long.in.xml

  Project = qmc_ref_ground_long
  date    = 2020-10-16 20:46:09 UTC
  host    = nid03827


 Random Number
 -------------
  Offset for the random number seeds based on time: 657

  Range of prime numbers to use as seeds over processors and threads = 4933-24379


 Lattice
 -------
  Simulation cell radius   = 1.947495 bohr
  Wigner-Seitz cell radius = 2.385185 bohr

  Lattice (bohr):      6.7463223000      6.7463223000      0.0000000000
                       0.0000000000      3.3731611500      3.3731611500
                       3.3731611500      0.0000000000      3.3731611500

  Boundary Conditions:  p  p  p 

  Volume (bohr^3) = 153.5222266112

  Reciprocal vectors without 2*pi.
    g_1 =       0.0741144549      0.0741144549     -0.0741144549
    g_2 =      -0.1482289098      0.1482289098      0.1482289098
    g_3 =       0.1482289098     -0.1482289098      0.1482289098

  Metric tensor in real-space.
    h_1 = 91.0257291510 22.7564322877 22.7564322877 
    h_2 = 22.7564322877 22.7564322877 11.3782161439 
    h_3 = 22.7564322877 11.3782161439 22.7564322877 

  Metric tensor in g-space.
    h_1 = 0.6505592096 -0.4337061397 -0.4337061397 
    h_2 = -0.4337061397 2.6022368383 -0.8674122794 
    h_3 = -0.4337061397 -0.8674122794 2.6022368383 

 Particle Set
 ------------
  Name: ion0

  Initializing the lattice by the global supercell
  All the species have the same mass 1.0000000000
  Long-range breakup parameters:
    rc*kc = 15.0000000000; rc = 1.9474954980; kc = 7.7022000901; tol = 0.0003000000

  Creating Structure Factor for periodic systems 7.7022000901
  KContainer initialised with cutoff 7.7022000901
   # of K-shell  = 59
   # of K points = 1188

  Particle set size: 4


 Particle Set
 ------------
  Name: e

  Initializing the lattice by the global supercell
  All the species have the same mass 1.0000000000
  Long-range breakup parameters:
    rc*kc = 15.0000000000; rc = 1.9474954980; kc = 7.7022000901; tol = 0.0003000000

  Creating Structure Factor for periodic systems 7.7022000901
  KContainer initialised with cutoff 7.7022000901
   # of K-shell  = 59
   # of K points = 1188

  Particle set size: 16


 Many-body wavefunction
 -------------------
  Name: psi0   tasking: no

  LCAO: SoaAtomicBasisSet<MultiQuintic,1>
Reading BasisSet from HDF5 file:../C_diamond2x1x1-twist-Excited.h5
<input node="atomicBasisSet" name="gaussian" expandYlm="pyscf" angular="spherical" elementType="C" normalized="no" type="Numerical" expM="0" />
  AO BasisSet for C
   Spherical Harmonics contain (-1)^m factor
   Angular momentum m expanded as -l, ... ,l, with the exception of L=1 (1,-1,0)
   Grid is created by the input paremters in h5
    Using log grid ri = 0.0000010000 rf = 100.0000000000 npts = 1001
   R(n,l,m,s) 0 0 0 0
   R(n,l,m,s) 1 0 0 0
   R(n,l,m,s) 2 1 0 0
   R(n,l,m,s) 3 1 0 0
   R(n,l,m,s) 4 2 0 0
Expanding Ylm as L=1 as (1,-1,0) and L>1 as -l,-l+1,...,l-1,l
   Adding 1 spherical orbitals
   Adding 1 spherical orbitals
   Adding 3 spherical orbitals
   Adding 3 spherical orbitals
   Adding 5 spherical orbitals
  Setting cutoff radius 80678.2096140088

   Maximum Angular Momentum  = 2
   Number of Radial functors = 5
   Basis size                = 13

  Created SPOSet builder named 'LCAOBSet' of type molecularorbital
Creating SPOSet in SlaterDetBuilder::put(xmlNodePtr cur).
spo_name = spo-up

     Single particle orbitals (SPO)
     ------------------------------
      Name: spo-up   Type: LCAO   Builder class name: LCAOrbitalBuilder

Creating SPOSet in SlaterDetBuilder::put(xmlNodePtr cur).
spo_name = spo-dn

     Single particle orbitals (SPO)
     ------------------------------
      Name: spo-dn   Type: LCAO   Builder class name: LCAOrbitalBuilder


   Multi Slater determinants
   -------------------------

    Using Bryan's table method.
      Creating base determinant (up) for MSD expansion. 
      Creating base determinant (down) for MSD expansion. 
Found Multideterminants in H5 File
Found determinant list. 
Reading CI expansion from HDF5:../C_diamond2x1x1-twist-Excited.h5
 Done reading CIs from H5!!
 Sorting unique CIs
 Done Sorting unique CIs
Found 241 terms in the MSD expansion.
Norm of ci vector (sum of ci^2): (-0.2174985144,-0.3888203295)
Found 89 unique up determinants.
Found 89 unique down determinants.
Number of terms in pairs array: 49
Number of terms in pairs array: 49
CI coefficients are not optimizable. 
  Added a fermionic WaveFunctionComponent MultiSlaterDeterminantFast

   Jastrow
   -------
    Name: J2   Type: Two-Body   Function: Bspline

    Radial function for species: u - u
    Jastrow cutoff unspecified.  Setting to Wigner-Seitz radius = 2.3851851232

     Number of parameters: 10
     Cusp: -0.2500000000
     Cutoff radius: 2.3851851232

     Name                        Value Type Recompute Use Index
     ---- ---------------------------- ---- --------- --- -----
     uu_0  (2.999425e-01,0.000000e+00)    1         1  ON     0
     uu_1  (2.505723e-01,0.000000e+00)    1         1  ON     1
     uu_2  (2.069863e-01,0.000000e+00)    1         1  ON     2
     uu_3  (1.674205e-01,0.000000e+00)    1         1  ON     3
     uu_4  (1.317516e-01,0.000000e+00)    1         1  ON     4
     uu_5  (1.006131e-01,0.000000e+00)    1         1  ON     5
     uu_6  (7.291729e-02,0.000000e+00)    1         1  ON     6
     uu_7  (5.015673e-02,0.000000e+00)    1         1  ON     7
     uu_8  (2.954931e-02,0.000000e+00)    1         1  ON     8
     uu_9  (1.618966e-02,0.000000e+00)    1         1  ON     9

    Radial function for species: u - d
    Jastrow cutoff unspecified.  Setting to Wigner-Seitz radius = 2.38519

     Number of parameters: 10
     Cusp: -0.5
     Cutoff radius: 2.38519

     Name                        Value Type Recompute Use Index
     ---- ---------------------------- ---- --------- --- -----
     ud_0  (5.061595e-01,0.000000e+00)    1         1  ON     0
     ud_1  (4.056530e-01,0.000000e+00)    1         1  ON     1
     ud_2  (3.217408e-01,0.000000e+00)    1         1  ON     2
     ud_3  (2.495394e-01,0.000000e+00)    1         1  ON     3
     ud_4  (1.888610e-01,0.000000e+00)    1         1  ON     4
     ud_5  (1.384251e-01,0.000000e+00)    1         1  ON     5
     ud_6  (9.676288e-02,0.000000e+00)    1         1  ON     6
     ud_7  (6.427056e-02,0.000000e+00)    1         1  ON     7
     ud_8  (3.700415e-02,0.000000e+00)    1         1  ON     8
     ud_9  (1.953726e-02,0.000000e+00)    1         1  ON     9


   Jastrow
   -------
    Name: J1   Type: One-Body   Function: Bspline

    Radial function for element: C
    Jastrow cutoff unspecified.  Setting to Wigner-Seitz radius = 2.38519

     Number of parameters: 10
     Cusp: 0
     Cutoff radius: 2.38519

     Name                        Value Type Recompute Use Index
     ---- ---------------------------- ---- --------- --- -----
     eC_0 (-1.635501e-01,0.000000e+00)    1         1  ON     0
     eC_1 (-1.583379e-01,0.000000e+00)    1         1  ON     1
     eC_2 (-1.518439e-01,0.000000e+00)    1         1  ON     2
     eC_3 (-1.402688e-01,0.000000e+00)    1         1  ON     3
     eC_4 (-1.225064e-01,0.000000e+00)    1         1  ON     4
     eC_5 (-9.940972e-02,0.000000e+00)    1         1  ON     5
     eC_6 (-7.492541e-02,0.000000e+00)    1         1  ON     6
     eC_7 (-5.136375e-02,0.000000e+00)    1         1  ON     7
     eC_8 (-2.981090e-02,0.000000e+00)    1         1  ON     8
     eC_9 (-1.502644e-02,0.000000e+00)    1         1  ON     9


   Jastrow
   -------
    Name: J3   Type: eeI   Function: polynomial

     Ion: C   electron-electron: u - u
      Number of parameters for e-e: 3, for e-I: 3
      Cutoff radius: 0

        Name                        Value Type Recompute Use Index
      ------ ---------------------------- ---- --------- --- -----
       uuC_0  (1.299528e-02,0.000000e+00)    1         1  ON     0
       uuC_1  (8.040230e-03,0.000000e+00)    1         1  ON     1
       uuC_2  (2.452157e-03,0.000000e+00)    1         1  ON     2
       uuC_3  (7.279714e-03,0.000000e+00)    1         1  ON     3
       uuC_4  (4.555454e-04,0.000000e+00)    1         1  ON     4
       uuC_5  (2.688047e-02,0.000000e+00)    1         1  ON     5
       uuC_6  (4.498505e-03,0.000000e+00)    1         1  ON     6
       uuC_7  (5.552114e-03,0.000000e+00)    1         1  ON     7
       uuC_8  (6.355873e-03,0.000000e+00)    1         1  ON     8
       uuC_9  (1.457232e-02,0.000000e+00)    1         1  ON     9
      uuC_10  (8.835893e-03,0.000000e+00)    1         1  ON    10
      uuC_11  (1.094596e-02,0.000000e+00)    1         1  ON    11
      uuC_12  (1.001548e-02,0.000000e+00)    1         1  ON    12
      uuC_13  (8.297731e-03,0.000000e+00)    1         1  ON    13
      uuC_14  (9.580492e-03,0.000000e+00)    1         1  ON    14
      uuC_15  (9.261811e-03,0.000000e+00)    1         1  ON    15
      uuC_16  (4.248269e-03,0.000000e+00)    1         1  ON    16
      uuC_17 (-1.099344e-03,0.000000e+00)    1         1  ON    17
      uuC_18  (3.494410e-03,0.000000e+00)    1         1  ON    18
      uuC_19  (3.236269e-03,0.000000e+00)    1         1  ON    19
      uuC_20  (6.190712e-03,0.000000e+00)    1         1  ON    20
      uuC_21  (5.652559e-03,0.000000e+00)    1         1  ON    21
      uuC_22  (5.492087e-03,0.000000e+00)    1         1  ON    22
      uuC_23  (2.348999e-03,0.000000e+00)    1         1  ON    23
      uuC_24  (2.256974e-03,0.000000e+00)    1         1  ON    24
      uuC_25  (2.247828e-03,0.000000e+00)    1         1  ON    25

  eeI functor rcut is currently zero.
  Setting to Wigner-Seitz radius = 2.38519
     Ion: C   electron-electron: u - d
      Number of parameters for e-e: 3, for e-I: 3
      Cutoff radius: 0

        Name                        Value Type Recompute Use Index
      ------ ---------------------------- ---- --------- --- -----
       udC_0 (-2.609141e-02,0.000000e+00)    1         1  ON     0
       udC_1  (1.239586e-02,0.000000e+00)    1         1  ON     1
       udC_2 (-7.250882e-03,0.000000e+00)    1         1  ON     2
       udC_3  (5.147589e-03,0.000000e+00)    1         1  ON     3
       udC_4 (-1.299457e-02,0.000000e+00)    1         1  ON     4
       udC_5 (-7.417360e-02,0.000000e+00)    1         1  ON     5
       udC_6 (-2.071023e-02,0.000000e+00)    1         1  ON     6
       udC_7 (-1.611101e-03,0.000000e+00)    1         1  ON     7
       udC_8  (1.616042e-02,0.000000e+00)    1         1  ON     8
       udC_9 (-2.439443e-02,0.000000e+00)    1         1  ON     9
      udC_10  (6.752983e-03,0.000000e+00)    1         1  ON    10
      udC_11  (1.590219e-02,0.000000e+00)    1         1  ON    11
      udC_12  (3.500917e-02,0.000000e+00)    1         1  ON    12
      udC_13 (-3.416097e-03,0.000000e+00)    1         1  ON    13
      udC_14  (2.179172e-02,0.000000e+00)    1         1  ON    14
      udC_15  (3.269924e-02,0.000000e+00)    1         1  ON    15
      udC_16  (1.004627e-03,0.000000e+00)    1         1  ON    16
      udC_17 (-7.523277e-04,0.000000e+00)    1         1  ON    17
      udC_18  (7.586408e-03,0.000000e+00)    1         1  ON    18
      udC_19  (1.265828e-02,0.000000e+00)    1         1  ON    19
      udC_20  (4.948188e-03,0.000000e+00)    1         1  ON    20
      udC_21  (1.406583e-02,0.000000e+00)    1         1  ON    21
      udC_22  (2.194065e-02,0.000000e+00)    1         1  ON    22
      udC_23  (2.812711e-03,0.000000e+00)    1         1  ON    23
      udC_24  (6.222846e-03,0.000000e+00)    1         1  ON    24
      udC_25  (9.326371e-03,0.000000e+00)    1         1  ON    25

  eeI functor rcut is currently zero.
  Setting to Wigner-Seitz radius = 2.38519
  QMCHamiltonian::addOperator Kinetic to H, physical Hamiltonian 

 Hamiltonian and observables
 ---------------------------
  Name: h0


  Creating CoulombHandler with the Esler Optimized Breakup. 
  KContainer initialised with cutoff 35.2028
   # of K-shell  = 1194
   # of K points = 113300

  NUMBER OF OPT_BREAK KVECS = 75813162229
 finding kc:  7.7022 , 7.7022
  LRBreakp parameter Kc =7.7022
    Continuum approximation in k = [35.2028,3080.88)

   LR Breakup chi^2 = 1.02377e-15
   PBCAA self-interaction term -12.466
   PBCAA total constant -13.771
  Maximum K shell 58
  Number of k vectors 1188
  Fixed Coulomb potential for e
    e-e Madelung Const. =-0.22957
    Vtot     =0
  QMCHamiltonian::addOperator ElecElec to H, physical Hamiltonian 
QMCHamiltonian::addOperatorType added type coulomb named ElecElec
  Clone CoulombHandler. 
   PBCAA self-interaction term -49.865
   PBCAA total constant -51.169
Checking ion-ion Ewald energy against reference...
  Check passed.
  Maximum K shell 58
  Number of k vectors 1188
  Fixed Coulomb potential for ion0
    e-e Madelung Const. =-0.22957
    Vtot     =-25.551
  QMCHamiltonian::addOperator IonIon to H, physical Hamiltonian 
QMCHamiltonian::addOperatorType added type coulomb named IonIon

  ECPotential builder for pseudopotential 

  Adding pseudopotential for C
   Linear grid  ri=0 rf=10 npts = 10001
    ECPComponentBuilder::buildSemiLocalAndLocal 
    Assuming Hartree unit
   Number of angular momentum channels 2
   Maximum angular momentum channel 1
   Creating a Linear Grid Rmax=1.7
  Using global grid with delta = 0.001
   Making L=1 a local potential with a radial cutoff of 9.999
    Non-local pseudopotential parameters
    Maximum angular mementum = 0
    Number of non-local channels = 1
       l(0)=0
    Cutoff radius = 1.7
    Spherical grids and weights: 
                        1                 0                 0       0.08333333333
                       -1   1.224646799e-16                 0       0.08333333333
             0.4472135955       0.894427191                 0       0.08333333333
            -0.4472135955      0.7236067977      0.5257311121       0.08333333333
             0.4472135955      0.2763932023      0.8506508084       0.08333333333
            -0.4472135955     -0.2763932023      0.8506508084       0.08333333333
             0.4472135955     -0.7236067977      0.5257311121       0.08333333333
            -0.4472135955      -0.894427191   1.095357397e-16       0.08333333333
             0.4472135955     -0.7236067977     -0.5257311121       0.08333333333
            -0.4472135955     -0.2763932023     -0.8506508084       0.08333333333
             0.4472135955      0.2763932023     -0.8506508084       0.08333333333
            -0.4472135955      0.7236067977     -0.5257311121       0.08333333333
    Maximum cutoff radius 1.7
  Clone CoulombHandler. 
   Constant of PBCAB 2.609140868
  Rcut                1.947495498
  Maximum K shell     58
  Number of k vectors 1188
    CoulombPBCAB::add 
 Setting a linear grid=[0,1.947495498) number of grid =1948
    Creating the short-range pseudopotential for species 0
  QMCHamiltonian::addOperator LocalECP to H, physical Hamiltonian 

  Using NonLocalECP potential 
    Maximum grid on a sphere for NonLocalECPotential: 12
  QMCHamiltonian::addOperator NonLocalECP to H, physical Hamiltonian 
QMCHamiltonian::addOperatorType added type pseudo named PseudoPot

  QMCHamiltonian::add2WalkerProperty added
    5 to P::PropertyList 
    0 to P::Collectables 
    starting Index of the observables in P::PropertyList = 9
ParticleSetPool::randomize 1 ParticleSet.
<init source="ion0" target="e">
</init>
  Initialization Execution time = 2.949 secs
=========================================================
 Summary of QMC systems 
=========================================================
ParticleSetPool has: 

  ParticleSet 'e' contains 16 particles :  u(8) d(8)

    u  3.3197094586e+00  1.1671441192e+00  3.3905808117e+00
    u  7.0895297807e+00  9.0159068734e+00  3.5455365769e+00
    u  2.0876442564e+00  8.6243417549e-01  2.4113678220e+00
    u  2.4052386313e+00  2.0329746781e+00  8.3280798072e-01
    u  4.4369871040e+00  6.3863177314e+00  3.0505825165e+00
    u  6.1916763497e+00  4.1100238705e+00  2.6556744780e+00
    u  5.4389171329e+00  6.1278515599e+00  1.4024093298e+00
    u  3.9843362781e+00  5.4897451246e+00  1.5317059912e+00
    d  2.5676795012e+00  4.9927546510e-01  2.6895609405e+00
    d  3.8780582241e+00  4.0648700014e+00  5.9513356760e+00
    (... and 6 more particle positions ...)

  Distance table for dissimilar particles (A-B):
    source: ion0  target: e
    Using structure-of-arrays (SoA) data layout
    Distance computations use general periodic cell in 3D with corner image checks.

  Distance table for similar particles (A-A):
    source/target: e
    Using structure-of-arrays (SoA) data layout
    Distance computations use general periodic cell in 3D with corner image checks.


  ParticleSet 'ion0' contains 4 particles :  C(4)

    C  0.0000000000e+00  0.0000000000e+00  0.0000000000e+00
    C  1.6865805662e+00  1.6865805662e+00  1.6865805662e+00
    C  3.3731611512e+00  3.3731611512e+00  1.9396438287e-33
    C  5.0597417174e+00  5.0597417174e+00  1.6865805662e+00

  Distance table for similar particles (A-A):
    source/target: ion0
    Using structure-of-arrays (SoA) data layout
    Distance computations use general periodic cell in 3D with corner image checks.


  Hamiltonian h0
  Kinetic         Kinetic energy
  ElecElec        CoulombPBCAA potential: e_e
  IonIon          CoulombPBCAA potential: ion0_ion0
  LocalECP        CoulombPBCAB potential source: ion0
  NonLocalECP     NonLocalECPotential: ion0


=========================================================
  Start VMC
  File Root qmc_ref_ground_long.s000 append = no 
=========================================================
Resetting walkers
  Adding 256 walkers to 0 existing sets
  Total number of walkers: 2.0480000000e+03
  Total weight: 2.0480000000e+03
  Resetting Properties of the walkers 1 x 14

<vmc function="put">
  qmc_counter=0  my_counter=0
  time step      = 1.0000000000e-01
  blocks         = 200
  steps          = 40
  substeps       = 3
  current        = 0
  target samples = 1.6000000000e+05
  walkers/mpi    = 256

  stepsbetweensamples = 101
  SpinMoves      = no
<parameter name="blocks" condition="int">200</parameter>
<parameter name="blocks_between_recompute" condition="int">0</parameter>
<parameter name="check_properties" condition="int">100</parameter>
<parameter name="checkproperties" condition="int">100</parameter>
<parameter name="current" condition="int">0</parameter>
<parameter name="dmcwalkersperthread" condition="real">7.9000000000e+01</parameter>
<parameter name="maxcpusecs" condition="real">3.6000000000e+05</parameter>
<parameter name="record_configs" condition="int">0</parameter>
<parameter name="record_walkers" condition="int">101</parameter>
<parameter name="recordconfigs" condition="int">0</parameter>
<parameter name="recordwalkers" condition="int">101</parameter>
<parameter name="rewind" condition="int">0</parameter>
<parameter name="samples" condition="real">1.6000000000e+05</parameter>
<parameter name="samplesperthread" condition="real">7.9000000000e+01</parameter>
<parameter name="spinmass" condition="double">1.0000000000e+00</parameter>
<parameter name="spinmoves" condition="string">no</parameter>
<parameter name="steps" condition="int">40</parameter>
<parameter name="stepsbetweensamples" condition="int">101</parameter>
<parameter name="store_configs" condition="int">0</parameter>
<parameter name="storeconfigs" condition="int">0</parameter>
<parameter name="sub_steps" condition="int">3</parameter>
<parameter name="substeps" condition="int">3</parameter>
<parameter name="tau" condition="au">1.0000000000e-01</parameter>
<parameter name="time_step" condition="au">1.0000000000e-01</parameter>
<parameter name="timestep" condition="au">1.0000000000e-01</parameter>
<parameter name="use_drift" condition="string">yes</parameter>
<parameter name="usedrift" condition="string">yes</parameter>
<parameter name="walkers" condition="int">256</parameter>
<parameter name="warmup_steps" condition="int">50</parameter>
<parameter name="warmupsteps" condition="int">50</parameter>
  DumpConfig==false Nothing (configurations, state) will be saved.
  Walker Samples are dumped every 101 steps.
</vmc>
  Set drift_modifier UNR parameter a = 1.0000000000e+00
  Adding a default LocalEnergyEstimator for the MainEstimator 
  CloneManager::makeClones makes 256 clones for W/Psi/H.
  Cloning methods for both Psi and H are used
===== Memory Usage before cloning =====
Available memory on node 0, free + buffers : 188001 MB
Memory footprint by rank 0 on node 0       : 91 MB
==================================================
===== Memory Usage after cloning =====
Available memory on node 0, free + buffers : 187828 MB
Memory footprint by rank 0 on node 0       : 353 MB
==================================================
  Initial partition of walkers 0 1 2 3 4 5 6 7 8 9 10 11 12 13 14 15 16 17 18 19 20 21 22 23 24 25 26 27 28 29 30 31 32 33 34 35 36 37 38 39 40 41 42 43 44 45 46 47 48 49 50 51 52 53 54 55 56 57 58 59 60 61 62 63 64 65 66 67 68 69 70 71 72 73 74 75 76 77 78 79 80 81 82 83 84 85 86 87 88 89 90 91 92 93 94 95 96 97 98 99 100 101 102 103 104 105 106 107 108 109 110 111 112 113 114 115 116 117 118 119 120 121 122 123 124 125 126 127 128 129 130 131 132 133 134 135 136 137 138 139 140 141 142 143 144 145 146 147 148 149 150 151 152 153 154 155 156 157 158 159 160 161 162 163 164 165 166 167 168 169 170 171 172 173 174 175 176 177 178 179 180 181 182 183 184 185 186 187 188 189 190 191 192 193 194 195 196 197 198 199 200 201 202 203 204 205 206 207 208 209 210 211 212 213 214 215 216 217 218 219 220 221 222 223 224 225 226 227 228 229 230 231 232 233 234 235 236 237 238 239 240 241 242 243 244 245 246 247 248 249 250 251 252 253 254 255 256 

  Using Particle by Particle moves
  Walker moves with drift
  Total Sample Size   =161792
  Walker distribution on root = 0 1 2 3 4 5 6 7 8 9 10 11 12 13 14 15 16 17 18 19 20 21 22 23 24 25 26 27 28 29 30 31 32 33 34 35 36 37 38 39 40 41 42 43 44 45 46 47 48 49 50 51 52 53 54 55 56 57 58 59 60 61 62 63 64 65 66 67 68 69 70 71 72 73 74 75 76 77 78 79 80 81 82 83 84 85 86 87 88 89 90 91 92 93 94 95 96 97 98 99 100 101 102 103 104 105 106 107 108 109 110 111 112 113 114 115 116 117 118 119 120 121 122 123 124 125 126 127 128 129 130 131 132 133 134 135 136 137 138 139 140 141 142 143 144 145 146 147 148 149 150 151 152 153 154 155 156 157 158 159 160 161 162 163 164 165 166 167 168 169 170 171 172 173 174 175 176 177 178 179 180 181 182 183 184 185 186 187 188 189 190 191 192 193 194 195 196 197 198 199 200 201 202 203 204 205 206 207 208 209 210 211 212 213 214 215 216 217 218 219 220 221 222 223 224 225 226 227 228 229 230 231 232 233 234 235 236 237 238 239 240 241 242 243 244 245 246 247 248 249 250 251 252 253 254 255 256 
  Using Locality Approximation
===== Memory Usage after the buffer registration =====
Available memory on node 0, free + buffers : 186022 MB
Memory footprint by rank 0 on node 0       : 1348 MB
==================================================
  Anonymous Buffer size per walker : 182608 Bytes.
MEMORY increase 44 MB VMC::resetRun
Application 21710998 exit codes: 143
Application 21710998 resources: utime ~7163110s, stime ~8391s, Rss ~2051160, inblocks ~153734, outblocks ~18152
