  Input file(s): vmc_long_excited_noj.in.xml.in.xml 

=====================================================
                    QMCPACK 3.9.9

       (c) Copyright 2003-  QMCPACK developers

                    Please cite:
 J. Kim et al. J. Phys. Cond. Mat. 30 195901 (2018)
      https://doi.org/10.1088/1361-648X/aab9c3

  Git branch: MSD-ExcitedStates
  Last git commit: 22b4aedda4d49dea4b609c41da4fc06f3333f735
  Last git commit date: Tue Oct 13 14:03:42 2020 -0500
  Last git commit subject: Test for excited Molecule
=====================================================
  Global options 

  Total number of MPI ranks = 1
  Number of MPI groups      = 1
  MPI group ID              = 0
  Number of ranks in group  = 1
  MPI ranks per node        = 1
  OMP 1st level threads     = 16
  OMP nested threading disabled or only 1 thread on the 2nd level

  Precision used in this calculation, see definitions in the manual:
  Base precision      = double
  Full precision      = double

  CPU only build
  Timer build option is enabled. Current timer level is coarse

  Input XML = vmc_long_excited_noj.in.xml.in.xml

Use --enable-timers=<value> command line option to increase or decrease level of timing information
Stack timer profile
Timer  Inclusive_time  Exclusive_time  Calls       Time_per_call
