  Input file(s): vmc_long_ground.in.xml 

=====================================================
                    QMCPACK 3.9.9

       (c) Copyright 2003-  QMCPACK developers

                    Please cite:
 J. Kim et al. J. Phys. Cond. Mat. 30 195901 (2018)
      https://doi.org/10.1088/1361-648X/aab9c3

  Git branch: MSD-ExcitedStates
  Last git commit: 22b4aedda4d49dea4b609c41da4fc06f3333f735
  Last git commit date: Tue Oct 13 14:03:42 2020 -0500
  Last git commit subject: Test for excited Molecule
=====================================================
  Global options 

  Total number of MPI ranks = 1
  Number of MPI groups      = 1
  MPI group ID              = 0
  Number of ranks in group  = 1
  MPI ranks per node        = 1
  OMP 1st level threads     = 16
  OMP nested threading disabled or only 1 thread on the 2nd level

  Precision used in this calculation, see definitions in the manual:
  Base precision      = double
  Full precision      = double

  CPU only build
  Timer build option is enabled. Current timer level is coarse

  Input XML = vmc_long_ground.in.xml

  Project = vmc_long_ground
  date    = 2020-10-16 00:58:37 CDT
  host    = abenali


 Random Number
 -------------
  Offset for the random number seeds based on time: 653

  Range of prime numbers to use as seeds over processors and threads = 4903-5009


 Lattice
 -------
  Simulation cell radius   = 1.947495 bohr
  Wigner-Seitz cell radius = 2.385185 bohr

  Lattice (bohr):      6.7463223000      6.7463223000      0.0000000000
                       0.0000000000      3.3731611500      3.3731611500
                       3.3731611500      0.0000000000      3.3731611500

  Boundary Conditions:  p  p  p 

  Volume (bohr^3) = 153.5222266112

  Reciprocal vectors without 2*pi.
    g_1 =       0.0741144549      0.0741144549     -0.0741144549
    g_2 =      -0.1482289098      0.1482289098      0.1482289098
    g_3 =       0.1482289098     -0.1482289098      0.1482289098

  Metric tensor in real-space.
    h_1 = 91.0257291510 22.7564322877 22.7564322877 
    h_2 = 22.7564322877 22.7564322877 11.3782161439 
    h_3 = 22.7564322877 11.3782161439 22.7564322877 

  Metric tensor in g-space.
    h_1 = 0.6505592096 -0.4337061397 -0.4337061397 
    h_2 = -0.4337061397 2.6022368383 -0.8674122794 
    h_3 = -0.4337061397 -0.8674122794 2.6022368383 

 Particle Set
 ------------
  Name: ion0

  Initializing the lattice by the global supercell
  All the species have the same mass 1.0000000000
  Long-range breakup parameters:
    rc*kc = 15.0000000000; rc = 1.9474954980; kc = 7.7022000901; tol = 0.0003000000

  Creating Structure Factor for periodic systems 7.7022000901
  KContainer initialised with cutoff 7.7022000901
   # of K-shell  = 59
   # of K points = 1188

  Particle set size: 4


 Particle Set
 ------------
  Name: e

  Initializing the lattice by the global supercell
  All the species have the same mass 1.0000000000
  Long-range breakup parameters:
    rc*kc = 15.0000000000; rc = 1.9474954980; kc = 7.7022000901; tol = 0.0003000000

  Creating Structure Factor for periodic systems 7.7022000901
  KContainer initialised with cutoff 7.7022000901
   # of K-shell  = 59
   # of K points = 1188

  Particle set size: 16


 Many-body wavefunction
 -------------------
  Name: psi0

  LCAO: SoaAtomicBasisSet<MultiQuintic,1>
Reading BasisSet from HDF5 file:../C_diamond2x1x1-twist-Excited.h5
<input node="atomicBasisSet" name="gaussian" expandYlm="pyscf" angular="spherical" elementType="C" normalized="no" type="Numerical" expM="0" />
  AO BasisSet for C
   Spherical Harmonics contain (-1)^m factor
   Angular momentum m expanded as -l, ... ,l, with the exception of L=1 (1,-1,0)
   Grid is created by the input paremters in h5
    Using log grid ri = 0.0000010000 rf = 100.0000000000 npts = 1001
   R(n,l,m,s) 0 0 0 0
   R(n,l,m,s) 1 0 0 0
   R(n,l,m,s) 2 1 0 0
   R(n,l,m,s) 3 1 0 0
   R(n,l,m,s) 4 2 0 0
Expanding Ylm as L=1 as (1,-1,0) and L>1 as -l,-l+1,...,l-1,l
   Adding 1 spherical orbitals
   Adding 1 spherical orbitals
   Adding 3 spherical orbitals
   Adding 3 spherical orbitals
   Adding 5 spherical orbitals
  Setting cutoff radius 80678.2096140088

   Maximum Angular Momentum  = 2
   Number of Radial functors = 5
   Basis size                = 13

  Created SPOSet builder named 'LCAOBSet' of type molecularorbital
Creating SPOSet in SlaterDetBuilder::put(xmlNodePtr cur).
spo_name = spo-up

     Single particle orbitals (SPO)
     ------------------------------
      Name: spo-up   Type: LCAO   Builder class name: LCAOrbitalBuilder

Creating SPOSet in SlaterDetBuilder::put(xmlNodePtr cur).
spo_name = spo-dn

     Single particle orbitals (SPO)
     ------------------------------
      Name: spo-dn   Type: LCAO   Builder class name: LCAOrbitalBuilder


   Multi Slater determinants
   -------------------------

    Using Bryan's table method.
      Creating base determinant (up) for MSD expansion. 
      Creating base determinant (down) for MSD expansion. 
Found Multideterminants in H5 File
Found determinant list. 
Reading CI expansion from HDF5:../C_diamond2x1x1-twist-Excited.h5
 Done reading CIs from H5!!
 Sorting unique CIs
 Done Sorting unique CIs
Found 241 terms in the MSD expansion.
Norm of ci vector (sum of ci^2): (-0.9257129169,-0.2552643224)
Found 89 unique up determinants.
Found 89 unique down determinants.
Number of terms in pairs array: 49
Number of terms in pairs array: 49
CI coefficients are not optimizable. 
  Added a fermionic WaveFunctionComponent MultiSlaterDeterminantFast

   Jastrow
   -------
    Name: J2   Type: Two-Body   Function: Bspline

    Radial function for species: u - u
    Jastrow cutoff unspecified.  Setting to Wigner-Seitz radius = 2.3851851232

     Number of parameters: 10
     Cusp: -0.2500000000
     Cutoff radius: 2.3851851232

     Name                        Value Type Recompute Use Index
     ---- ---------------------------- ---- --------- --- -----
     uu_0  (2.918011e-01,0.000000e+00)    1         1  ON     0
     uu_1  (2.400935e-01,0.000000e+00)    1         1  ON     1
     uu_2  (1.960300e-01,0.000000e+00)    1         1  ON     2
     uu_3  (1.567238e-01,0.000000e+00)    1         1  ON     3
     uu_4  (1.217263e-01,0.000000e+00)    1         1  ON     4
     uu_5  (9.176120e-02,0.000000e+00)    1         1  ON     5
     uu_6  (6.576308e-02,0.000000e+00)    1         1  ON     6
     uu_7  (4.459140e-02,0.000000e+00)    1         1  ON     7
     uu_8  (2.594147e-02,0.000000e+00)    1         1  ON     8
     uu_9  (1.396640e-02,0.000000e+00)    1         1  ON     9

    Radial function for species: u - d
    Jastrow cutoff unspecified.  Setting to Wigner-Seitz radius = 2.38519

     Number of parameters: 10
     Cusp: -0.5
     Cutoff radius: 2.38519

     Name                        Value Type Recompute Use Index
     ---- ---------------------------- ---- --------- --- -----
     ud_0  (4.895693e-01,0.000000e+00)    1         1  ON     0
     ud_1  (3.905197e-01,0.000000e+00)    1         1  ON     1
     ud_2  (3.067829e-01,0.000000e+00)    1         1  ON     2
     ud_3  (2.361057e-01,0.000000e+00)    1         1  ON     3
     ud_4  (1.768910e-01,0.000000e+00)    1         1  ON     4
     ud_5  (1.282918e-01,0.000000e+00)    1         1  ON     5
     ud_6  (8.855839e-02,0.000000e+00)    1         1  ON     6
     ud_7  (5.783671e-02,0.000000e+00)    1         1  ON     7
     ud_8  (3.276661e-02,0.000000e+00)    1         1  ON     8
     ud_9  (1.688367e-02,0.000000e+00)    1         1  ON     9


   Jastrow
   -------
    Name: J1   Type: One-Body   Function: Bspline

    Radial function for element: C
    Jastrow cutoff unspecified.  Setting to Wigner-Seitz radius = 2.38519

     Number of parameters: 10
     Cusp: 0
     Cutoff radius: 2.38519

     Name                        Value Type Recompute Use Index
     ---- ---------------------------- ---- --------- --- -----
     eC_0 (-2.115850e-01,0.000000e+00)    1         1  ON     0
     eC_1 (-2.073709e-01,0.000000e+00)    1         1  ON     1
     eC_2 (-1.952437e-01,0.000000e+00)    1         1  ON     2
     eC_3 (-1.766291e-01,0.000000e+00)    1         1  ON     3
     eC_4 (-1.519913e-01,0.000000e+00)    1         1  ON     4
     eC_5 (-1.216418e-01,0.000000e+00)    1         1  ON     5
     eC_6 (-9.041656e-02,0.000000e+00)    1         1  ON     6
     eC_7 (-6.102962e-02,0.000000e+00)    1         1  ON     7
     eC_8 (-3.498777e-02,0.000000e+00)    1         1  ON     8
     eC_9 (-1.762435e-02,0.000000e+00)    1         1  ON     9


   Jastrow
   -------
    Name: J3   Type: eeI   Function: polynomial

     Ion: C   electron-electron: u - u
      Number of parameters for e-e: 3, for e-I: 3
      Cutoff radius: 0

        Name                        Value Type Recompute Use Index
      ------ ---------------------------- ---- --------- --- -----
       uuC_0  (2.250538e-02,0.000000e+00)    1         1  ON     0
       uuC_1  (3.151512e-02,0.000000e+00)    1         1  ON     1
       uuC_2  (1.063125e-02,0.000000e+00)    1         1  ON     2
       uuC_3  (2.923882e-02,0.000000e+00)    1         1  ON     3
       uuC_4  (1.501694e-03,0.000000e+00)    1         1  ON     4
       uuC_5  (4.539683e-02,0.000000e+00)    1         1  ON     5
       uuC_6  (1.834741e-04,0.000000e+00)    1         1  ON     6
       uuC_7  (9.301585e-03,0.000000e+00)    1         1  ON     7
       uuC_8  (1.429754e-02,0.000000e+00)    1         1  ON     8
       uuC_9  (3.027374e-02,0.000000e+00)    1         1  ON     9
      uuC_10  (1.004486e-02,0.000000e+00)    1         1  ON    10
      uuC_11  (2.544572e-02,0.000000e+00)    1         1  ON    11
      uuC_12  (2.985881e-02,0.000000e+00)    1         1  ON    12
      uuC_13  (2.042752e-02,0.000000e+00)    1         1  ON    13
      uuC_14  (2.812975e-02,0.000000e+00)    1         1  ON    14
      uuC_15  (3.151561e-02,0.000000e+00)    1         1  ON    15
      uuC_16  (1.110562e-02,0.000000e+00)    1         1  ON    16
      uuC_17 (-2.539822e-03,0.000000e+00)    1         1  ON    17
      uuC_18  (9.030014e-03,0.000000e+00)    1         1  ON    18
      uuC_19  (9.459066e-03,0.000000e+00)    1         1  ON    19
      uuC_20  (1.674994e-02,0.000000e+00)    1         1  ON    20
      uuC_21  (1.543389e-02,0.000000e+00)    1         1  ON    21
      uuC_22  (1.690585e-02,0.000000e+00)    1         1  ON    22
      uuC_23  (6.286562e-03,0.000000e+00)    1         1  ON    23
      uuC_24  (6.226033e-03,0.000000e+00)    1         1  ON    24
      uuC_25  (7.002465e-03,0.000000e+00)    1         1  ON    25

  eeI functor rcut is currently zero.
  Setting to Wigner-Seitz radius = 2.38519
     Ion: C   electron-electron: u - d
      Number of parameters for e-e: 3, for e-I: 3
      Cutoff radius: 0

        Name                        Value Type Recompute Use Index
      ------ ---------------------------- ---- --------- --- -----
       udC_0 (-2.491431e-02,0.000000e+00)    1         1  ON     0
       udC_1  (1.683116e-02,0.000000e+00)    1         1  ON     1
       udC_2 (-3.278352e-03,0.000000e+00)    1         1  ON     2
       udC_3  (1.036601e-02,0.000000e+00)    1         1  ON     3
       udC_4 (-1.089728e-02,0.000000e+00)    1         1  ON     4
       udC_5 (-9.248416e-02,0.000000e+00)    1         1  ON     5
       udC_6 (-2.279220e-02,0.000000e+00)    1         1  ON     6
       udC_7 (-2.468115e-03,0.000000e+00)    1         1  ON     7
       udC_8  (1.198710e-02,0.000000e+00)    1         1  ON     8
       udC_9 (-2.329247e-02,0.000000e+00)    1         1  ON     9
      udC_10  (2.334669e-03,0.000000e+00)    1         1  ON    10
      udC_11  (1.301795e-02,0.000000e+00)    1         1  ON    11
      udC_12  (2.897032e-02,0.000000e+00)    1         1  ON    12
      udC_13 (-3.568436e-03,0.000000e+00)    1         1  ON    13
      udC_14  (1.659853e-02,0.000000e+00)    1         1  ON    14
      udC_15  (2.449949e-02,0.000000e+00)    1         1  ON    15
      udC_16  (2.374051e-03,0.000000e+00)    1         1  ON    16
      udC_17  (1.768101e-03,0.000000e+00)    1         1  ON    17
      udC_18  (8.014501e-03,0.000000e+00)    1         1  ON    18
      udC_19  (1.232891e-02,0.000000e+00)    1         1  ON    19
      udC_20  (6.623579e-03,0.000000e+00)    1         1  ON    20
      udC_21  (1.433884e-02,0.000000e+00)    1         1  ON    21
      udC_22  (2.122731e-02,0.000000e+00)    1         1  ON    22
      udC_23  (3.401940e-03,0.000000e+00)    1         1  ON    23
      udC_24  (6.420026e-03,0.000000e+00)    1         1  ON    24
      udC_25  (9.250258e-03,0.000000e+00)    1         1  ON    25

  eeI functor rcut is currently zero.
  Setting to Wigner-Seitz radius = 2.38519
  QMCHamiltonian::addOperator Kinetic to H, physical Hamiltonian 

 Hamiltonian and observables
 ---------------------------
  Name: h0


  Creating CoulombHandler with the Esler Optimized Breakup. 
  KContainer initialised with cutoff 35.2028
   # of K-shell  = 1194
   # of K points = 113300

  NUMBER OF OPT_BREAK KVECS = 75813162229
 finding kc:  7.7022 , 7.7022
  LRBreakp parameter Kc =7.7022
    Continuum approximation in k = [35.2028,3080.88)

   LR Breakup chi^2 = 1.02377e-15
   PBCAA self-interaction term -12.466
   PBCAA total constant -13.771
  Maximum K shell 58
  Number of k vectors 1188
  Fixed Coulomb potential for e
    e-e Madelung Const. =-0.22957
    Vtot     =0
  QMCHamiltonian::addOperator ElecElec to H, physical Hamiltonian 
QMCHamiltonian::addOperatorType added type coulomb named ElecElec
  Clone CoulombHandler. 
   PBCAA self-interaction term -49.864
   PBCAA total constant -51.169
Checking ion-ion Ewald energy against reference...
  Check passed.
  Maximum K shell 58
  Number of k vectors 1188
  Fixed Coulomb potential for ion0
    e-e Madelung Const. =-0.22957
    Vtot     =-25.551
  QMCHamiltonian::addOperator IonIon to H, physical Hamiltonian 
QMCHamiltonian::addOperatorType added type coulomb named IonIon

  ECPotential builder for pseudopotential 

  Adding pseudopotential for C
   Linear grid  ri=0 rf=10 npts = 10001
    ECPComponentBuilder::buildSemiLocalAndLocal 
    Assuming Hartree unit
   Number of angular momentum channels 2
   Maximum angular momentum channel 1
   Creating a Linear Grid Rmax=1.7
  Using global grid with delta = 0.001
   Making L=1 a local potential with a radial cutoff of 9.999
    Non-local pseudopotential parameters
    Maximum angular mementum = 0
    Number of non-local channels = 1
       l(0)=0
    Cutoff radius = 1.7
    Spherical grids and weights: 
                        1                 0                 0       0.08333333333
                       -1   1.224646799e-16                 0       0.08333333333
             0.4472135955       0.894427191                 0       0.08333333333
            -0.4472135955      0.7236067977      0.5257311121       0.08333333333
             0.4472135955      0.2763932023      0.8506508084       0.08333333333
            -0.4472135955     -0.2763932023      0.8506508084       0.08333333333
             0.4472135955     -0.7236067977      0.5257311121       0.08333333333
            -0.4472135955      -0.894427191   1.095357397e-16       0.08333333333
             0.4472135955     -0.7236067977     -0.5257311121       0.08333333333
            -0.4472135955     -0.2763932023     -0.8506508084       0.08333333333
             0.4472135955      0.2763932023     -0.8506508084       0.08333333333
            -0.4472135955      0.7236067977     -0.5257311121       0.08333333333
    Maximum cutoff radius 1.7
  Clone CoulombHandler. 
   Constant of PBCAB 2.609175058
  Rcut                1.947495498
  Maximum K shell     58
  Number of k vectors 1188
    CoulombPBCAB::add 
 Setting a linear grid=[0,1.947495498) number of grid =1948
    Creating the short-range pseudopotential for species 0
  QMCHamiltonian::addOperator LocalECP to H, physical Hamiltonian 

  Using NonLocalECP potential 
    Maximum grid on a sphere for NonLocalECPotential: 12
  QMCHamiltonian::addOperator NonLocalECP to H, physical Hamiltonian 
QMCHamiltonian::addOperatorType added type pseudo named PseudoPot

  QMCHamiltonian::add2WalkerProperty added
    5 to P::PropertyList 
    0 to P::Collectables 
    starting Index of the observables in P::PropertyList = 9
ParticleSetPool::randomize 1 ParticleSet.
<init source="ion0" target="e">
</init>
  Initialization Execution time = 0.6631 secs
=========================================================
 Summary of QMC systems 
=========================================================
ParticleSetPool has: 

  ParticleSet 'e' contains 16 particles :  u(8) d(8)

    u  1.0211688046e+00  2.8117387332e+00  3.2871084604e+00
    u  3.1052299319e+00  2.7302551463e+00  5.8080948991e+00
    u  2.6626407897e+00  2.2929241763e+00  1.8988063649e+00
    u  7.7471367144e+00  7.9256958223e+00  2.4852367643e+00
    u  3.0658527903e+00  3.3285593629e+00  1.1264804370e+00
    u  3.1374439419e+00  4.0539226596e+00  9.1999298306e-01
    u  5.6549412391e+00  8.2339233537e+00  4.0740791951e+00
    u  5.6779459351e+00  5.0973266915e+00  6.9572394793e-01
    d  3.8716511897e+00  4.2114225469e+00  6.1027297008e+00
    d  6.5389089382e+00  7.2313157971e+00  1.0426633820e+00
    (... and 6 more particle positions ...)

  Distance table for dissimilar particles (A-B):
    source: ion0  target: e
    Using structure-of-arrays (SoA) data layout
    Distance computations use general periodic cell in 3D with corner image checks.

  Distance table for similar particles (A-A):
    source/target: e
    Using structure-of-arrays (SoA) data layout
    Distance computations use general periodic cell in 3D with corner image checks.


  ParticleSet 'ion0' contains 4 particles :  C(4)

    C  0.0000000000e+00  0.0000000000e+00  0.0000000000e+00
    C  1.6865805662e+00  1.6865805662e+00  1.6865805662e+00
    C  3.3731611512e+00  3.3731611512e+00  1.9396438287e-33
    C  5.0597417174e+00  5.0597417174e+00  1.6865805662e+00

  Distance table for similar particles (A-A):
    source/target: ion0
    Using structure-of-arrays (SoA) data layout
    Distance computations use general periodic cell in 3D with corner image checks.


  Hamiltonian h0
  Kinetic         Kinetic energy
  ElecElec        CoulombPBCAA potential: e_e
  IonIon          CoulombPBCAA potential: ion0_ion0
  LocalECP        CoulombPBCAB potential source: ion0
  NonLocalECP     NonLocalECPotential: ion0


=========================================================
  Start VMC
  File Root vmc_long_ground.s000 append = no 
=========================================================
Resetting walkers
  Adding 16 walkers to 0 existing sets
  Total number of walkers: 1.6000000000e+01
  Total weight: 1.6000000000e+01
  Resetting Properties of the walkers 1 x 14

<vmc function="put">
  qmc_counter=0  my_counter=0
  time step      = 1.0000000000e-01
  blocks         = 200
  steps          = 20
  substeps       = 1
  current        = 0
  target samples = 0.0000000000e+00
  walkers/mpi    = 16

  stepsbetweensamples = 4020
  SpinMoves      = no
<parameter name="blocks" condition="int">200</parameter>
<parameter name="blocks_between_recompute" condition="int">0</parameter>
<parameter name="check_properties" condition="int">100</parameter>
<parameter name="checkproperties" condition="int">100</parameter>
<parameter name="current" condition="int">0</parameter>
<parameter name="dmcwalkersperthread" condition="real">0.0000000000e+00</parameter>
<parameter name="maxcpusecs" condition="real">3.6000000000e+05</parameter>
<parameter name="record_configs" condition="int">0</parameter>
<parameter name="record_walkers" condition="int">4020</parameter>
<parameter name="recordconfigs" condition="int">0</parameter>
<parameter name="recordwalkers" condition="int">4020</parameter>
<parameter name="rewind" condition="int">0</parameter>
<parameter name="samples" condition="real">0.0000000000e+00</parameter>
<parameter name="samplesperthread" condition="real">0.0000000000e+00</parameter>
<parameter name="spinmass" condition="double">1.0000000000e+00</parameter>
<parameter name="spinmoves" condition="string">no</parameter>
<parameter name="steps" condition="int">20</parameter>
<parameter name="stepsbetweensamples" condition="int">4020</parameter>
<parameter name="store_configs" condition="int">0</parameter>
<parameter name="storeconfigs" condition="int">0</parameter>
<parameter name="sub_steps" condition="int">1</parameter>
<parameter name="substeps" condition="int">1</parameter>
<parameter name="tau" condition="au">1.0000000000e-01</parameter>
<parameter name="time_step" condition="au">1.0000000000e-01</parameter>
<parameter name="timestep" condition="au">1.0000000000e-01</parameter>
<parameter name="use_drift" condition="string">yes</parameter>
<parameter name="usedrift" condition="string">yes</parameter>
<parameter name="walkers" condition="int">16</parameter>
<parameter name="warmup_steps" condition="int">50</parameter>
<parameter name="warmupsteps" condition="int">50</parameter>
  DumpConfig==false Nothing (configurations, state) will be saved.
  Walker Samples are dumped every 4020 steps.
</vmc>
  Set drift_modifier UNR parameter a = 1.0000000000e+00
  Adding a default LocalEnergyEstimator for the MainEstimator 
  CloneManager::makeClones makes 16 clones for W/Psi/H.
  Cloning methods for both Psi and H are used
===== Memory Usage before cloning =====
Available memory on node 0, free + buffers : 16042 MB
Memory footprint by rank 0 on node 0       : 104 MB
==================================================
===== Memory Usage after cloning =====
Available memory on node 0, free + buffers : 16029 MB
Memory footprint by rank 0 on node 0       : 115 MB
==================================================
  Initial partition of walkers 0 1 2 3 4 5 6 7 8 9 10 11 12 13 14 15 16 

  Using Particle by Particle moves
  Walker moves with drift
  Total Sample Size   =0
  Walker distribution on root = 0 1 2 3 4 5 6 7 8 9 10 11 12 13 14 15 16 
  Using Locality Approximation
===== Memory Usage after the buffer registration =====
Available memory on node 0, free + buffers : 16025 MB
Memory footprint by rank 0 on node 0       : 121 MB
==================================================
  Anonymous Buffer size per walker : 182544 Bytes.
MEMORY increase 2 MB VMC::resetRun
====================================================
  SimpleFixedNodeBranch::finalize after a VMC block
    QMC counter        = 0
    time step          = 0.1
    reference energy   = -21.8109
    reference variance = 1.04301
====================================================
  QMC Execution time = 4.1351e+02 secs
  Total Execution time = 4.1351e+02 secs

=========================================================
  A new xml input file : vmc_long_ground.s000.cont.xml

Use --enable-timers=<value> command line option to increase or decrease level of timing information
Stack timer profile
Timer      Inclusive_time  Exclusive_time  Calls       Time_per_call
Total       414.1759     0.0013              1     414.175879955
  Startup     0.6633     0.6633              1       0.663319826
  VMC       413.5113   413.5113              1     413.511274099
