  Input file(s): qmc_ref_excited2_msd.xml 

=====================================================
                    QMCPACK 3.9.9

       (c) Copyright 2003-  QMCPACK developers

                    Please cite:
 J. Kim et al. J. Phys. Cond. Mat. 30 195901 (2018)
      https://doi.org/10.1088/1361-648X/aab9c3

  Git branch: HEAD
  Last git commit: 154fecc5a16b3dba6d73f7fa8c2ea15d22f1c655
  Last git commit date: Mon Oct 12 21:39:52 2020 -0500
  Last git commit subject: Fix
=====================================================
  Global options 

  Total number of MPI ranks = 8
  Number of MPI groups      = 1
  MPI group ID              = 0
  Number of ranks in group  = 8
  MPI ranks per node        = 1
  OMP 1st level threads     = 256
  OMP nested threading disabled or only 1 thread on the 2nd level

  Precision used in this calculation, see definitions in the manual:
  Base precision      = double
  Full precision      = double

  CPU only build
  Timer build option is enabled. Current timer level is coarse

  Input XML = qmc_ref_excited2_msdj.xml

  Project = C2_DZ_EXT2_REF_MSD
  date    = 2020-10-13 03:25:34 UTC
  host    = nid03824


 Random Number
 -------------
  Offset for the random number seeds based on time: 558

  Range of prime numbers to use as seeds over processors and threads = 4057-23417


 Particle Set
 ------------
  Name: ion0

  All the species have the same mass 1
  Particle set size: 2


 Particle Set
 ------------
  Name: e

  All the species have the same mass 1
  Particle set size: 12


 Many-body wavefunction
 -------------------
  Name: psi0

  LCAO: SoaAtomicBasisSet<MultiQuintic,0>
Reading BasisSet from HDF5 file:../C2.h5
<input node="atomicBasisSet" name="gaussian" expandYlm="Gamess" angular="cartesian" elementType="C" normalized="no" type="Numerical" expM="0" />
  AO BasisSet for C
   Angular momentum expanded in cartesian functions x^lx y^ly z^lz according to Gamess
   Grid is created by the input paremters in h5
    Using log grid ri = 1e-06 rf = 100 npts = 1001
   R(n,l,m,s) 0 0 0 0
   R(n,l,m,s) 1 0 0 0
   R(n,l,m,s) 2 0 0 0
   R(n,l,m,s) 3 0 0 0
   R(n,l,m,s) 4 1 0 0
   R(n,l,m,s) 5 1 0 0
   R(n,l,m,s) 6 1 0 0
   R(n,l,m,s) 7 2 0 0
Expanding Ylm (angular function) according to Gamess using cartesian gaussians
Adding 1 cartesian gaussian orbitals for l= 0
Adding 1 cartesian gaussian orbitals for l= 0
Adding 1 cartesian gaussian orbitals for l= 0
Adding 1 cartesian gaussian orbitals for l= 0
Adding 3 cartesian gaussian orbitals for l= 1
Adding 3 cartesian gaussian orbitals for l= 1
Adding 3 cartesian gaussian orbitals for l= 1
Adding 6 cartesian gaussian orbitals for l= 2
  Setting cutoff radius 1.1408e+07

   Maximum Angular Momentum  = 2
   Number of Radial functors = 8
   Basis size                = 19

  Created SPOSet builder named 'LCAOBSet' of type molecularorbital
Creating SPOSet in SlaterDetBuilder::put(xmlNodePtr cur).
spo_name = spo-up

     Single particle orbitals (SPO)
     ------------------------------
      Name: spo-up   Type: LCAO   Builder class name: LCAOrbitalBuilder

        Using cusp correction.
Reading cusp info from : ../spo-up.cuspInfo.xml
Found precomputed cusp data for spo set: spo-up
Creating SPOSet in SlaterDetBuilder::put(xmlNodePtr cur).
spo_name = spo-dn

     Single particle orbitals (SPO)
     ------------------------------
      Name: spo-dn   Type: LCAO   Builder class name: LCAOrbitalBuilder

        Using cusp correction.
Reading cusp info from : ../spo-dn.cuspInfo.xml
Found precomputed cusp data for spo set: spo-dn

   Multi Slater determinants
   -------------------------

    Using Bryan's table method.
      Creating base determinant (up) for MSD expansion. 
      Creating base determinant (down) for MSD expansion. 
Found Multideterminants in H5 File
Found determinant list. 
Reading CI expansion from HDF5:../C2.h5
 Done reading CIs from H5!!
 Sorting unique CIs
 Done Sorting unique CIs
Found 167 terms in the MSD expansion.
Norm of ci vector (sum of ci^2): 1
Found 83 unique up determinants.
Found 83 unique down determinants.
Number of terms in pairs array: 49
Number of terms in pairs array: 49
CI coefficients are not optimizable. 
  Added a fermionic WaveFunctionComponent MultiSlaterDeterminantFast
  QMCHamiltonian::addOperator Kinetic to H, physical Hamiltonian 

 Hamiltonian and observables
 ---------------------------
  Name: h0

  QMCHamiltonian::addOperator ElecElec to H, physical Hamiltonian 
QMCHamiltonian::addOperatorType added type coulomb named ElecElec
  QMCHamiltonian::addOperator IonIon to H, physical Hamiltonian 
QMCHamiltonian::addOperatorType added type coulomb named IonIon
  QMCHamiltonian::addOperator IonElec to H, physical Hamiltonian 
QMCHamiltonian::addOperatorType added type coulomb named IonElec

  QMCHamiltonian::add2WalkerProperty added
    4 to P::PropertyList 
    0 to P::Collectables 
    starting Index of the observables in P::PropertyList = 9
ParticleSetPool::randomize 1 ParticleSet.
<init source="ion0" target="e">
</init>
  Initialization Execution time = 0.7609 secs
=========================================================
 Summary of QMC systems 
=========================================================
ParticleSetPool has: 

  ParticleSet 'e' contains 12 particles :  u(6) d(6)

    u  1.0816831653e-01  7.3714493517e-02  9.3005028709e-01
    u  7.3122910764e-01 -4.6890117730e-01  3.5716022432e-01
    u  3.5690235944e-01 -7.9193479832e-01 -3.5719424521e-01
    u  1.9676708342e+00 -5.9117051817e-01 -6.2286707866e-01
    u  2.7053391457e+00 -7.7784695173e-01  3.8654907774e-01
    u  2.7773598092e+00  6.8890839247e-01 -4.7246024118e-01
    d  4.3930658911e-02  2.1673361778e-01  9.1281125317e-01
    d -2.0019657341e-01 -2.5458432221e-01 -8.8160983584e-01
    d -7.1408394986e-01  2.5402800569e-03 -6.1008639332e-01
    d  2.1486601063e+00 -1.3214025110e-01 -9.0824765394e-01
    (... and 2 more particle positions ...)

  Distance table for dissimilar particles (A-B):
    source: ion0  target: e
    Using structure-of-arrays (SoA) data layout
    Distance computations use open boundary conditions in 3D.

  Distance table for similar particles (A-A):
    source/target: e
    Using structure-of-arrays (SoA) data layout
    Distance computations use open boundary conditions in 3D.


  ParticleSet 'ion0' contains 2 particles :  C(2)

    C  0.0000000000e+00  0.0000000000e+00  0.0000000000e+00
    C  2.3480414016e+00  0.0000000000e+00  0.0000000000e+00

  Distance table for similar particles (A-A):
    source/target: ion0
    Using structure-of-arrays (SoA) data layout
    Distance computations use open boundary conditions in 3D.


  Hamiltonian h0
  Kinetic         Kinetic energy
  ElecElec        CoulombAB source=e

  IonIon          CoulombAA source/target ion0

  IonElec         CoulombAA source/target ion0



=========================================================
  Start VMC
  File Root C2_DZ_EXT2_REF_MSD.s001 append = no 
=========================================================
Resetting walkers
  Adding 256 walkers to 0 existing sets
  Total number of walkers: 2.0480000000e+03
  Total weight: 2.0480000000e+03
  Resetting Properties of the walkers 1 x 13

<vmc function="put">
  qmc_counter=0  my_counter=0
  time step      = 1.0000000000e-01
  blocks         = 200
  steps          = 30000
  substeps       = 3
  current        = 0
  target samples = 1.6000000000e+05
  walkers/mpi    = 256

  stepsbetweensamples = -3689
  SpinMoves      = no
<parameter name="blocks" condition="int">200</parameter>
<parameter name="blocks_between_recompute" condition="int">0</parameter>
<parameter name="check_properties" condition="int">100</parameter>
<parameter name="checkproperties" condition="int">100</parameter>
<parameter name="current" condition="int">0</parameter>
<parameter name="dmcwalkersperthread" condition="real">7.9000000000e+01</parameter>
<parameter name="maxcpusecs" condition="real">3.6000000000e+05</parameter>
<parameter name="record_configs" condition="int">0</parameter>
<parameter name="record_walkers" condition="int">-3689</parameter>
<parameter name="recordconfigs" condition="int">0</parameter>
<parameter name="recordwalkers" condition="int">-3689</parameter>
<parameter name="rewind" condition="int">0</parameter>
<parameter name="samples" condition="real">1.6000000000e+05</parameter>
<parameter name="samplesperthread" condition="real">7.9000000000e+01</parameter>
<parameter name="spinmass" condition="double">1.0000000000e+00</parameter>
<parameter name="spinmoves" condition="string">no</parameter>
<parameter name="steps" condition="int">30000</parameter>
<parameter name="stepsbetweensamples" condition="int">-3689</parameter>
<parameter name="store_configs" condition="int">0</parameter>
<parameter name="storeconfigs" condition="int">0</parameter>
<parameter name="sub_steps" condition="int">3</parameter>
<parameter name="substeps" condition="int">3</parameter>
<parameter name="tau" condition="au">1.0000000000e-01</parameter>
<parameter name="time_step" condition="au">1.0000000000e-01</parameter>
<parameter name="timestep" condition="au">1.0000000000e-01</parameter>
<parameter name="use_drift" condition="string">yes</parameter>
<parameter name="usedrift" condition="string">yes</parameter>
<parameter name="walkers" condition="int">256</parameter>
<parameter name="warmup_steps" condition="int">50</parameter>
<parameter name="warmupsteps" condition="int">50</parameter>
  DumpConfig==false Nothing (configurations, state) will be saved.
</vmc>
  Set drift_modifier UNR parameter a = 1.0000000000e+00
  Adding a default LocalEnergyEstimator for the MainEstimator 
  CloneManager::makeClones makes 256 clones for W/Psi/H.
  Cloning methods for both Psi and H are used
===== Memory Usage before cloning =====
Available memory on node 0, free + buffers : 188179 MB
Memory footprint by rank 0 on node 0       : 70 MB
==================================================
===== Memory Usage after cloning =====
Available memory on node 0, free + buffers : 188167 MB
Memory footprint by rank 0 on node 0       : 135 MB
==================================================
  Initial partition of walkers 0 1 2 3 4 5 6 7 8 9 10 11 12 13 14 15 16 17 18 19 20 21 22 23 24 25 26 27 28 29 30 31 32 33 34 35 36 37 38 39 40 41 42 43 44 45 46 47 48 49 50 51 52 53 54 55 56 57 58 59 60 61 62 63 64 65 66 67 68 69 70 71 72 73 74 75 76 77 78 79 80 81 82 83 84 85 86 87 88 89 90 91 92 93 94 95 96 97 98 99 100 101 102 103 104 105 106 107 108 109 110 111 112 113 114 115 116 117 118 119 120 121 122 123 124 125 126 127 128 129 130 131 132 133 134 135 136 137 138 139 140 141 142 143 144 145 146 147 148 149 150 151 152 153 154 155 156 157 158 159 160 161 162 163 164 165 166 167 168 169 170 171 172 173 174 175 176 177 178 179 180 181 182 183 184 185 186 187 188 189 190 191 192 193 194 195 196 197 198 199 200 201 202 203 204 205 206 207 208 209 210 211 212 213 214 215 216 217 218 219 220 221 222 223 224 225 226 227 228 229 230 231 232 233 234 235 236 237 238 239 240 241 242 243 244 245 246 247 248 249 250 251 252 253 254 255 256 

  Using Particle by Particle moves
  Walker moves with drift
  Total Sample Size   =161792
  Walker distribution on root = 0 1 2 3 4 5 6 7 8 9 10 11 12 13 14 15 16 17 18 19 20 21 22 23 24 25 26 27 28 29 30 31 32 33 34 35 36 37 38 39 40 41 42 43 44 45 46 47 48 49 50 51 52 53 54 55 56 57 58 59 60 61 62 63 64 65 66 67 68 69 70 71 72 73 74 75 76 77 78 79 80 81 82 83 84 85 86 87 88 89 90 91 92 93 94 95 96 97 98 99 100 101 102 103 104 105 106 107 108 109 110 111 112 113 114 115 116 117 118 119 120 121 122 123 124 125 126 127 128 129 130 131 132 133 134 135 136 137 138 139 140 141 142 143 144 145 146 147 148 149 150 151 152 153 154 155 156 157 158 159 160 161 162 163 164 165 166 167 168 169 170 171 172 173 174 175 176 177 178 179 180 181 182 183 184 185 186 187 188 189 190 191 192 193 194 195 196 197 198 199 200 201 202 203 204 205 206 207 208 209 210 211 212 213 214 215 216 217 218 219 220 221 222 223 224 225 226 227 228 229 230 231 232 233 234 235 236 237 238 239 240 241 242 243 244 245 246 247 248 249 250 251 252 253 254 255 256 
===== Memory Usage after the buffer registration =====
Available memory on node 0, free + buffers : 187975 MB
Memory footprint by rank 0 on node 0       : 160 MB
==================================================
  Anonymous Buffer size per walker : 68680 Bytes.
MEMORY increase 16 MB VMC::resetRun
Application 21699819 exit codes: 143
Application 21699819 resources: utime ~7171717s, stime ~1057s, Rss ~221412, inblocks ~120014, outblocks ~744
  Input file(s): qmc_ref_excited2_msdj.xml 

=====================================================
                    QMCPACK 3.9.9

       (c) Copyright 2003-  QMCPACK developers

                    Please cite:
 J. Kim et al. J. Phys. Cond. Mat. 30 195901 (2018)
      https://doi.org/10.1088/1361-648X/aab9c3

  Git branch: HEAD
  Last git commit: 154fecc5a16b3dba6d73f7fa8c2ea15d22f1c655
  Last git commit date: Mon Oct 12 21:39:52 2020 -0500
  Last git commit subject: Fix
=====================================================
  Global options 

  Total number of MPI ranks = 8
  Number of MPI groups      = 1
  MPI group ID              = 0
  Number of ranks in group  = 8
  MPI ranks per node        = 1
  OMP 1st level threads     = 256
  OMP nested threading disabled or only 1 thread on the 2nd level

  Precision used in this calculation, see definitions in the manual:
  Base precision      = double
  Full precision      = double

  CPU only build
  Timer build option is enabled. Current timer level is coarse

  Input XML = qmc_ref_excited2_msdj.xml

  Project = C2_DZ_EXT2_REF_MSD
  date    = 2020-10-13 04:53:48 UTC
  host    = nid03827


 Random Number
 -------------
  Offset for the random number seeds based on time: 732

  Range of prime numbers to use as seeds over processors and threads = 5563-25219


 Particle Set
 ------------
  Name: ion0

  All the species have the same mass 1
  Particle set size: 2


 Particle Set
 ------------
  Name: e

  All the species have the same mass 1
  Particle set size: 12


 Many-body wavefunction
 -------------------
  Name: psi0

  LCAO: SoaAtomicBasisSet<MultiQuintic,0>
Reading BasisSet from HDF5 file:../C2.h5
<input node="atomicBasisSet" name="gaussian" expandYlm="Gamess" angular="cartesian" elementType="C" normalized="no" type="Numerical" expM="0" />
  AO BasisSet for C
   Angular momentum expanded in cartesian functions x^lx y^ly z^lz according to Gamess
   Grid is created by the input paremters in h5
    Using log grid ri = 1e-06 rf = 100 npts = 1001
   R(n,l,m,s) 0 0 0 0
   R(n,l,m,s) 1 0 0 0
   R(n,l,m,s) 2 0 0 0
   R(n,l,m,s) 3 0 0 0
   R(n,l,m,s) 4 1 0 0
   R(n,l,m,s) 5 1 0 0
   R(n,l,m,s) 6 1 0 0
   R(n,l,m,s) 7 2 0 0
Expanding Ylm (angular function) according to Gamess using cartesian gaussians
Adding 1 cartesian gaussian orbitals for l= 0
Adding 1 cartesian gaussian orbitals for l= 0
Adding 1 cartesian gaussian orbitals for l= 0
Adding 1 cartesian gaussian orbitals for l= 0
Adding 3 cartesian gaussian orbitals for l= 1
Adding 3 cartesian gaussian orbitals for l= 1
Adding 3 cartesian gaussian orbitals for l= 1
Adding 6 cartesian gaussian orbitals for l= 2
  Setting cutoff radius 1.1408e+07

   Maximum Angular Momentum  = 2
   Number of Radial functors = 8
   Basis size                = 19

  Created SPOSet builder named 'LCAOBSet' of type molecularorbital
Creating SPOSet in SlaterDetBuilder::put(xmlNodePtr cur).
spo_name = spo-up

     Single particle orbitals (SPO)
     ------------------------------
      Name: spo-up   Type: LCAO   Builder class name: LCAOrbitalBuilder

        Using cusp correction.
Reading cusp info from : ../spo-up.cuspInfo.xml
Found precomputed cusp data for spo set: spo-up
Creating SPOSet in SlaterDetBuilder::put(xmlNodePtr cur).
spo_name = spo-dn

     Single particle orbitals (SPO)
     ------------------------------
      Name: spo-dn   Type: LCAO   Builder class name: LCAOrbitalBuilder

        Using cusp correction.
Reading cusp info from : ../spo-dn.cuspInfo.xml
Found precomputed cusp data for spo set: spo-dn

   Multi Slater determinants
   -------------------------

    Using Bryan's table method.
      Creating base determinant (up) for MSD expansion. 
      Creating base determinant (down) for MSD expansion. 
Found Multideterminants in H5 File
Found determinant list. 
Reading CI expansion from HDF5:../C2.h5
 Done reading CIs from H5!!
 Sorting unique CIs
 Done Sorting unique CIs
Found 167 terms in the MSD expansion.
Norm of ci vector (sum of ci^2): 1
Found 83 unique up determinants.
Found 83 unique down determinants.
Number of terms in pairs array: 49
Number of terms in pairs array: 49
CI coefficients are not optimizable. 
  Added a fermionic WaveFunctionComponent MultiSlaterDeterminantFast
  QMCHamiltonian::addOperator Kinetic to H, physical Hamiltonian 

 Hamiltonian and observables
 ---------------------------
  Name: h0

  QMCHamiltonian::addOperator ElecElec to H, physical Hamiltonian 
QMCHamiltonian::addOperatorType added type coulomb named ElecElec
  QMCHamiltonian::addOperator IonIon to H, physical Hamiltonian 
QMCHamiltonian::addOperatorType added type coulomb named IonIon
  QMCHamiltonian::addOperator IonElec to H, physical Hamiltonian 
QMCHamiltonian::addOperatorType added type coulomb named IonElec

  QMCHamiltonian::add2WalkerProperty added
    4 to P::PropertyList 
    0 to P::Collectables 
    starting Index of the observables in P::PropertyList = 9
ParticleSetPool::randomize 1 ParticleSet.
<init source="ion0" target="e">
</init>
  Initialization Execution time = 0.8072 secs
=========================================================
 Summary of QMC systems 
=========================================================
ParticleSetPool has: 

  ParticleSet 'e' contains 12 particles :  u(6) d(6)

    u  4.4718959454e-01 -1.4337403656e-01 -8.1338373475e-01
    u -1.0280241420e-01 -2.5469946067e-02 -9.3322596045e-01
    u -9.9593005981e-02 -6.0241979923e-01 -7.1365213265e-01
    u  1.8564568338e+00 -2.2131419104e-01  7.6908542395e-01
    u  2.7982141304e+00 -1.2445916330e-01 -8.1485101624e-01
    u  2.1012096200e+00  1.4627611346e-01  8.9431824203e-01
    d  8.8997940786e-01 -1.9036862141e-01  2.3200040809e-01
    d  7.1479584677e-01 -4.3557442196e-01 -4.2599245082e-01
    d  5.4557634074e-01 -4.4576776528e-01  6.2110007539e-01
    d  3.1608031313e+00 -4.3987812272e-01  1.6749135997e-01
    (... and 2 more particle positions ...)

  Distance table for dissimilar particles (A-B):
    source: ion0  target: e
    Using structure-of-arrays (SoA) data layout
    Distance computations use open boundary conditions in 3D.

  Distance table for similar particles (A-A):
    source/target: e
    Using structure-of-arrays (SoA) data layout
    Distance computations use open boundary conditions in 3D.


  ParticleSet 'ion0' contains 2 particles :  C(2)

    C  0.0000000000e+00  0.0000000000e+00  0.0000000000e+00
    C  2.3480414016e+00  0.0000000000e+00  0.0000000000e+00

  Distance table for similar particles (A-A):
    source/target: ion0
    Using structure-of-arrays (SoA) data layout
    Distance computations use open boundary conditions in 3D.


  Hamiltonian h0
  Kinetic         Kinetic energy
  ElecElec        CoulombAB source=e

  IonIon          CoulombAA source/target ion0

  IonElec         CoulombAA source/target ion0



=========================================================
  Start VMC
  File Root C2_DZ_EXT2_REF_MSD.s001 append = no 
=========================================================
Resetting walkers
  Adding 256 walkers to 0 existing sets
  Total number of walkers: 2.0480000000e+03
  Total weight: 2.0480000000e+03
  Resetting Properties of the walkers 1 x 13

<vmc function="put">
  qmc_counter=0  my_counter=0
  time step      = 1.0000000000e-01
  blocks         = 200
  steps          = 1400
  substeps       = 3
  current        = 0
  target samples = 1.6000000000e+05
  walkers/mpi    = 256

  stepsbetweensamples = 3544
  SpinMoves      = no
<parameter name="blocks" condition="int">200</parameter>
<parameter name="blocks_between_recompute" condition="int">0</parameter>
<parameter name="check_properties" condition="int">100</parameter>
<parameter name="checkproperties" condition="int">100</parameter>
<parameter name="current" condition="int">0</parameter>
<parameter name="dmcwalkersperthread" condition="real">7.9000000000e+01</parameter>
<parameter name="maxcpusecs" condition="real">3.6000000000e+05</parameter>
<parameter name="record_configs" condition="int">0</parameter>
<parameter name="record_walkers" condition="int">3544</parameter>
<parameter name="recordconfigs" condition="int">0</parameter>
<parameter name="recordwalkers" condition="int">3544</parameter>
<parameter name="rewind" condition="int">0</parameter>
<parameter name="samples" condition="real">1.6000000000e+05</parameter>
<parameter name="samplesperthread" condition="real">7.9000000000e+01</parameter>
<parameter name="spinmass" condition="double">1.0000000000e+00</parameter>
<parameter name="spinmoves" condition="string">no</parameter>
<parameter name="steps" condition="int">1400</parameter>
<parameter name="stepsbetweensamples" condition="int">3544</parameter>
<parameter name="store_configs" condition="int">0</parameter>
<parameter name="storeconfigs" condition="int">0</parameter>
<parameter name="sub_steps" condition="int">3</parameter>
<parameter name="substeps" condition="int">3</parameter>
<parameter name="tau" condition="au">1.0000000000e-01</parameter>
<parameter name="time_step" condition="au">1.0000000000e-01</parameter>
<parameter name="timestep" condition="au">1.0000000000e-01</parameter>
<parameter name="use_drift" condition="string">yes</parameter>
<parameter name="usedrift" condition="string">yes</parameter>
<parameter name="walkers" condition="int">256</parameter>
<parameter name="warmup_steps" condition="int">50</parameter>
<parameter name="warmupsteps" condition="int">50</parameter>
  DumpConfig==false Nothing (configurations, state) will be saved.
  Walker Samples are dumped every 3544 steps.
</vmc>
  Set drift_modifier UNR parameter a = 1.0000000000e+00
  Adding a default LocalEnergyEstimator for the MainEstimator 
  CloneManager::makeClones makes 256 clones for W/Psi/H.
  Cloning methods for both Psi and H are used
===== Memory Usage before cloning =====
Available memory on node 0, free + buffers : 187883 MB
Memory footprint by rank 0 on node 0       : 70 MB
==================================================
===== Memory Usage after cloning =====
Available memory on node 0, free + buffers : 187874 MB
Memory footprint by rank 0 on node 0       : 135 MB
==================================================
  Initial partition of walkers 0 1 2 3 4 5 6 7 8 9 10 11 12 13 14 15 16 17 18 19 20 21 22 23 24 25 26 27 28 29 30 31 32 33 34 35 36 37 38 39 40 41 42 43 44 45 46 47 48 49 50 51 52 53 54 55 56 57 58 59 60 61 62 63 64 65 66 67 68 69 70 71 72 73 74 75 76 77 78 79 80 81 82 83 84 85 86 87 88 89 90 91 92 93 94 95 96 97 98 99 100 101 102 103 104 105 106 107 108 109 110 111 112 113 114 115 116 117 118 119 120 121 122 123 124 125 126 127 128 129 130 131 132 133 134 135 136 137 138 139 140 141 142 143 144 145 146 147 148 149 150 151 152 153 154 155 156 157 158 159 160 161 162 163 164 165 166 167 168 169 170 171 172 173 174 175 176 177 178 179 180 181 182 183 184 185 186 187 188 189 190 191 192 193 194 195 196 197 198 199 200 201 202 203 204 205 206 207 208 209 210 211 212 213 214 215 216 217 218 219 220 221 222 223 224 225 226 227 228 229 230 231 232 233 234 235 236 237 238 239 240 241 242 243 244 245 246 247 248 249 250 251 252 253 254 255 256 

  Using Particle by Particle moves
  Walker moves with drift
  Total Sample Size   =161792
  Walker distribution on root = 0 1 2 3 4 5 6 7 8 9 10 11 12 13 14 15 16 17 18 19 20 21 22 23 24 25 26 27 28 29 30 31 32 33 34 35 36 37 38 39 40 41 42 43 44 45 46 47 48 49 50 51 52 53 54 55 56 57 58 59 60 61 62 63 64 65 66 67 68 69 70 71 72 73 74 75 76 77 78 79 80 81 82 83 84 85 86 87 88 89 90 91 92 93 94 95 96 97 98 99 100 101 102 103 104 105 106 107 108 109 110 111 112 113 114 115 116 117 118 119 120 121 122 123 124 125 126 127 128 129 130 131 132 133 134 135 136 137 138 139 140 141 142 143 144 145 146 147 148 149 150 151 152 153 154 155 156 157 158 159 160 161 162 163 164 165 166 167 168 169 170 171 172 173 174 175 176 177 178 179 180 181 182 183 184 185 186 187 188 189 190 191 192 193 194 195 196 197 198 199 200 201 202 203 204 205 206 207 208 209 210 211 212 213 214 215 216 217 218 219 220 221 222 223 224 225 226 227 228 229 230 231 232 233 234 235 236 237 238 239 240 241 242 243 244 245 246 247 248 249 250 251 252 253 254 255 256 
===== Memory Usage after the buffer registration =====
Available memory on node 0, free + buffers : 187692 MB
Memory footprint by rank 0 on node 0       : 165 MB
==================================================
  Anonymous Buffer size per walker : 68680 Bytes.
MEMORY increase 16 MB VMC::resetRun
====================================================
  SimpleFixedNodeBranch::finalize after a VMC block
    QMC counter        = 0
    time step          = 0.1
    reference energy   = -75.3599
    reference variance = 15.8154
====================================================
  QMC Execution time = 3.3591e+03 secs
  Total Execution time = 3.3591e+03 secs

=========================================================
  A new xml input file : C2_DZ_EXT2_REF_MSD.s001.cont.xml

Use --enable-timers=<value> command line option to increase or decrease level of timing information
Stack timer profile
Timer      Inclusive_time  Exclusive_time  Calls       Time_per_call
Total      3359.9262     0.0264              1    3359.926229000
  Startup     0.8149     0.8149              1       0.814857960
  VMC      3359.0850  3359.0850              1    3359.084996939
Application 21699867 resources: utime ~6780427s, stime ~9135s, Rss ~211216, inblocks ~59862, outblocks ~21408
