  Input file(s): vmc_short_msdj-Excited2.xml 

=====================================================
                    QMCPACK 3.9.9

       (c) Copyright 2003-  QMCPACK developers

                    Please cite:
 J. Kim et al. J. Phys. Cond. Mat. 30 195901 (2018)
      https://doi.org/10.1088/1361-648X/aab9c3

  Git branch: MSD-ExcitedStates
  Last git commit: a4ae851f7e6b719ec803c498bc6d38173dcd982b
  Last git commit date: Mon Oct 12 16:10:12 2020 -0500
  Last git commit subject: read and write different coeff array from MSD H5 depending on the TAG in wf xml file
=====================================================
  Global options 

  Total number of MPI ranks = 1
  Number of MPI groups      = 1
  MPI group ID              = 0
  Number of ranks in group  = 1
  MPI ranks per node        = 1
  OMP 1st level threads     = 8
  OMP nested threading disabled or only 1 thread on the 2nd level

  Precision used in this calculation, see definitions in the manual:
  Base precision      = double
  Full precision      = double

  CPU only build
  Timer build option is enabled. Current timer level is coarse

  Input XML = vmc_short_msdj-Excited2.xml

  Project = C2_TZ_SHORT_EXT2_MSDJ
  date    = 2020-10-12 17:30:09 CDT
  host    = abenali


 Random Number
 -------------
  Offset for the random number seeds based on time: 241

  Range of prime numbers to use as seeds over processors and threads = 1543-1597


 Particle Set
 ------------
  Name: ion0

  All the species have the same mass 1
  Particle set size: 2


 Particle Set
 ------------
  Name: e

  All the species have the same mass 1
  Particle set size: 12


 Many-body wavefunction
 -------------------
  Name: psi0

  LCAO: SoaAtomicBasisSet<MultiQuintic,0>
Reading BasisSet from HDF5 file:../C2.h5
<input node="atomicBasisSet" name="gaussian" expandYlm="Gamess" angular="cartesian" elementType="C" normalized="no" type="Numerical" expM="0" />
  AO BasisSet for C
   Angular momentum expanded in cartesian functions x^lx y^ly z^lz according to Gamess
   Grid is created by the input paremters in h5
    Using log grid ri = 1e-06 rf = 100 npts = 1001
   R(n,l,m,s) 0 0 0 0
   R(n,l,m,s) 1 0 0 0
   R(n,l,m,s) 2 0 0 0
   R(n,l,m,s) 3 0 0 0
   R(n,l,m,s) 4 1 0 0
   R(n,l,m,s) 5 1 0 0
   R(n,l,m,s) 6 1 0 0
   R(n,l,m,s) 7 2 0 0
Expanding Ylm (angular function) according to Gamess using cartesian gaussians
Adding 1 cartesian gaussian orbitals for l= 0
Adding 1 cartesian gaussian orbitals for l= 0
Adding 1 cartesian gaussian orbitals for l= 0
Adding 1 cartesian gaussian orbitals for l= 0
Adding 3 cartesian gaussian orbitals for l= 1
Adding 3 cartesian gaussian orbitals for l= 1
Adding 3 cartesian gaussian orbitals for l= 1
Adding 6 cartesian gaussian orbitals for l= 2
  Setting cutoff radius 1.1408e+07

   Maximum Angular Momentum  = 2
   Number of Radial functors = 8
   Basis size                = 19

  Created SPOSet builder named 'LCAOBSet' of type molecularorbital
Creating SPOSet in SlaterDetBuilder::put(xmlNodePtr cur).
spo_name = spo-up

     Single particle orbitals (SPO)
     ------------------------------
      Name: spo-up   Type: LCAO   Builder class name: LCAOrbitalBuilder

        Using cusp correction.
Reading cusp info from : ../spo-up.cuspInfo.xml
Found precomputed cusp data for spo set: spo-up
Creating SPOSet in SlaterDetBuilder::put(xmlNodePtr cur).
spo_name = spo-dn

     Single particle orbitals (SPO)
     ------------------------------
      Name: spo-dn   Type: LCAO   Builder class name: LCAOrbitalBuilder

        Using cusp correction.
Reading cusp info from : ../spo-dn.cuspInfo.xml
Found precomputed cusp data for spo set: spo-dn

   Multi Slater determinants
   -------------------------

    Using Bryan's table method.
      Creating base determinant (up) for MSD expansion. 
      Creating base determinant (down) for MSD expansion. 
Found Multideterminants in H5 File
Found determinant list. 
Reading CI expansion from HDF5:../C2.h5
 Done reading CIs from H5!!
 Sorting unique CIs
 Done Sorting unique CIs
Found 167 terms in the MSD expansion.
Norm of ci vector (sum of ci^2): 1
Found 83 unique up determinants.
Found 83 unique down determinants.
Number of terms in pairs array: 49
Number of terms in pairs array: 49
CI coefficients are not optimizable. 
  Added a fermionic WaveFunctionComponent MultiSlaterDeterminantFast
  QMCHamiltonian::addOperator Kinetic to H, physical Hamiltonian 

 Hamiltonian and observables
 ---------------------------
  Name: h0

  QMCHamiltonian::addOperator ElecElec to H, physical Hamiltonian 
QMCHamiltonian::addOperatorType added type coulomb named ElecElec
  QMCHamiltonian::addOperator IonIon to H, physical Hamiltonian 
QMCHamiltonian::addOperatorType added type coulomb named IonIon
  QMCHamiltonian::addOperator IonElec to H, physical Hamiltonian 
QMCHamiltonian::addOperatorType added type coulomb named IonElec

  QMCHamiltonian::add2WalkerProperty added
    4 to P::PropertyList 
    0 to P::Collectables 
    starting Index of the observables in P::PropertyList = 9
ParticleSetPool::randomize 1 ParticleSet.
<init source="ion0" target="e">
</init>
  Initialization Execution time = 0.06903 secs
=========================================================
 Summary of QMC systems 
=========================================================
ParticleSetPool has: 

  ParticleSet 'e' contains 12 particles :  u(6) d(6)

    u -1.7605552026e-01  2.6550695464e-01 -8.8353735552e-01
    u -3.7838915963e-01 -8.1132516828e-01 -2.8407897312e-01
    u -2.8458986493e-01  9.1768607882e-02 -8.9034537072e-01
    u  1.5249644696e+00  1.0251534092e-01 -4.4063898677e-01
    u  1.5461989069e+00  3.8910432797e-01  2.9626708130e-01
    u  1.4970663570e+00 -1.6281702254e-01  3.6257390760e-01
    d  9.2651451342e-01  1.4357102160e-01  5.5551471260e-02
    d -5.4617045819e-01  5.7749022704e-02  7.6189935606e-01
    d  3.1625716997e-01 -1.4486868969e-01 -8.7242318457e-01
    d  1.8235958695e+00 -7.7757208192e-01  4.9661746109e-02
    (... and 2 more particle positions ...)

  Distance table for dissimilar particles (A-B):
    source: ion0  target: e
    Using structure-of-arrays (SoA) data layout
    Distance computations use open boundary conditions in 3D.

  Distance table for similar particles (A-A):
    source/target: e
    Using structure-of-arrays (SoA) data layout
    Distance computations use open boundary conditions in 3D.


  ParticleSet 'ion0' contains 2 particles :  C(2)

    C  0.0000000000e+00  0.0000000000e+00  0.0000000000e+00
    C  2.3480414016e+00  0.0000000000e+00  0.0000000000e+00

  Distance table for similar particles (A-A):
    source/target: ion0
    Using structure-of-arrays (SoA) data layout
    Distance computations use open boundary conditions in 3D.


  Hamiltonian h0
  Kinetic         Kinetic energy
  ElecElec        CoulombAB source=e

  IonIon          CoulombAA source/target ion0

  IonElec         CoulombAA source/target ion0



=========================================================
  Start VMC
  File Root C2_TZ_SHORT_EXT2_MSDJ.s001 append = no 
=========================================================
Resetting walkers
  Adding 8 walkers to 0 existing sets
  Total number of walkers: 8.0000000000e+00
  Total weight: 8.0000000000e+00
  Resetting Properties of the walkers 1 x 13

<vmc function="put">
  qmc_counter=0  my_counter=0
  time step      = 5.0000000000e-01
  blocks         = 200
  steps          = 50
  substeps       = 10
  current        = 0
  target samples = 0.0000000000e+00
  walkers/mpi    = 8

  stepsbetweensamples = 10050
  SpinMoves      = no
<parameter name="blocks" condition="int">200</parameter>
<parameter name="blocks_between_recompute" condition="int">0</parameter>
<parameter name="check_properties" condition="int">100</parameter>
<parameter name="checkproperties" condition="int">100</parameter>
<parameter name="current" condition="int">0</parameter>
<parameter name="dmcwalkersperthread" condition="real">0.0000000000e+00</parameter>
<parameter name="maxcpusecs" condition="real">3.6000000000e+05</parameter>
<parameter name="record_configs" condition="int">0</parameter>
<parameter name="record_walkers" condition="int">10050</parameter>
<parameter name="recordconfigs" condition="int">0</parameter>
<parameter name="recordwalkers" condition="int">10050</parameter>
<parameter name="rewind" condition="int">0</parameter>
<parameter name="samples" condition="real">0.0000000000e+00</parameter>
<parameter name="samplesperthread" condition="real">0.0000000000e+00</parameter>
<parameter name="spinmass" condition="double">1.0000000000e+00</parameter>
<parameter name="spinmoves" condition="string">no</parameter>
<parameter name="steps" condition="int">50</parameter>
<parameter name="stepsbetweensamples" condition="int">10050</parameter>
<parameter name="store_configs" condition="int">0</parameter>
<parameter name="storeconfigs" condition="int">0</parameter>
<parameter name="sub_steps" condition="int">10</parameter>
<parameter name="substeps" condition="int">10</parameter>
<parameter name="tau" condition="au">5.0000000000e-01</parameter>
<parameter name="time_step" condition="au">5.0000000000e-01</parameter>
<parameter name="timestep" condition="au">5.0000000000e-01</parameter>
<parameter name="use_drift" condition="string">no</parameter>
<parameter name="usedrift" condition="string">no</parameter>
<parameter name="walkers" condition="int">8</parameter>
<parameter name="warmup_steps" condition="int">20</parameter>
<parameter name="warmupsteps" condition="int">20</parameter>
  DumpConfig==false Nothing (configurations, state) will be saved.
  Walker Samples are dumped every 10050 steps.
</vmc>
  Set drift_modifier UNR parameter a = 1.0000000000e+00
  CloneManager::makeClones makes 8 clones for W/Psi/H.
  Cloning methods for both Psi and H are used
===== Memory Usage before cloning =====
Available memory on node 0, free + buffers : 10878 MB
Memory footprint by rank 0 on node 0       : 96 MB
==================================================
===== Memory Usage after cloning =====
Available memory on node 0, free + buffers : 10878 MB
Memory footprint by rank 0 on node 0       : 98 MB
==================================================
  Initial partition of walkers 0 1 2 3 4 5 6 7 8 

  Using Particle by Particle moves
  Walker moves without drift
  Total Sample Size   =0
  Walker distribution on root = 0 1 2 3 4 5 6 7 8 
===== Memory Usage after the buffer registration =====
Available memory on node 0, free + buffers : 10876 MB
Memory footprint by rank 0 on node 0       : 100 MB
==================================================
  Anonymous Buffer size per walker : 68360 Bytes.
MEMORY increase 0 MB VMC::resetRun
====================================================
  SimpleFixedNodeBranch::finalize after a VMC block
    QMC counter        = 0
    time step          = 0.5
    reference energy   = -75.4137
    reference variance = 13.813
====================================================
  QMC Execution time = 7.6473e+00 secs
  Total Execution time = 7.6494e+00 secs

=========================================================
  A new xml input file : C2_TZ_SHORT_EXT2_MSDJ.s001.cont.xml

Use --enable-timers=<value> command line option to increase or decrease level of timing information
Stack timer profile
Timer      Inclusive_time  Exclusive_time  Calls       Time_per_call
Total         7.7190     0.0021              1       7.719046831
  Startup     0.0697     0.0697              1       0.069684029
  VMC         7.6473     7.6473              1       7.647274971
